// Jest Snapshot v1, https://goo.gl/fbAQLP

exports[`vlt-composite renders correctly appended button 1`] = `
<div
  class="Vlt-composite"
>
  <!--v-if-->
  
  <vlt-input-stub
    class=""
    disabled="false"
    size="20"
    textarea="false"
    type="text"
  />
  
  <!--v-if-->
</div>
`;

exports[`vlt-composite renders correctly prended button 1`] = `
<div
  class="Vlt-composite"
>
  <!--v-if-->
  
  <vlt-input-stub
    class=""
    disabled="false"
    size="20"
    textarea="false"
    type="text"
  />
  
  <!--v-if-->
</div>
`;
