// Jest Snapshot v1, https://goo.gl/fbAQLP

exports[`vlt-button prop disabled is set to true 1`] = `
<button
  class="Vlt-btn Vlt-btn--no-focus Vlt-btn--icon Vlt-btn--tertiary"
>
  <!--v-if-->
  <!--v-if-->
  
  
  
</button>
`;

exports[`vlt-button prop icon is set to bin 1`] = `
<button
  class="Vlt-btn Vlt-btn--no-focus Vlt-btn--icon Vlt-btn--tertiary"
>
  <!--v-if-->
  <!--v-if-->
  
  
  
</button>
`;

exports[`vlt-button prop id is set to test-button 1`] = `
<button
  class="Vlt-btn Vlt-btn--no-focus Vlt-btn--icon Vlt-btn--tertiary"
>
  <!--v-if-->
  <!--v-if-->
  
  
  
</button>
`;

exports[`vlt-button prop primary is set to true 1`] = `
<button
  class="Vlt-btn Vlt-btn--no-focus Vlt-btn--icon Vlt-btn--tertiary"
>
  <!--v-if-->
  <!--v-if-->
  
  
  
</button>
`;

exports[`vlt-button prop spinner is set to true 1`] = `
<button
  class="Vlt-btn Vlt-btn--no-focus Vlt-btn--icon Vlt-btn--tertiary"
>
  <!--v-if-->
  <!--v-if-->
  
  
  
</button>
`;

exports[`vlt-button prop spinner-white is set to true 1`] = `
<button
  class="Vlt-btn Vlt-btn--no-focus Vlt-btn--icon Vlt-btn--tertiary"
>
  <!--v-if-->
  <!--v-if-->
  
  
  
</button>
`;

exports[`vlt-button renders correctly 1`] = `
<button
  class="Vlt-btn Vlt-btn--no-focus Vlt-btn--icon Vlt-btn--tertiary"
>
  <!--v-if-->
  <!--v-if-->
  
  
  
</button>
`;
