// Jest Snapshot v1, https://goo.gl/fbAQLP

exports[`vlt-tabs renders correctly 1`] = `
<div
  class="Vlt-tabs"
>
  <ul
    class="Vlt-tabs__header"
  >
    
    <li
      class="Vlt-tabs__link_active Vlt-tabs__link"
      id=""
    >
      <!--v-if-->
      <span>
        One
      </span>
    </li>
    <li
      class="Vlt-tabs__link"
      id=""
    >
      <!--v-if-->
      <span>
        Two
      </span>
    </li>
    <li
      class="Vlt-tabs__link"
      id=""
    >
      <!--v-if-->
      <span>
        Three
      </span>
    </li>
    
  </ul>
  <div
    class="Vlt-tabs__content"
  >
    
    <div
      class="Vlt-tabs__panel Vlt-tabs__panel_active"
    >
      
      
    </div>
    <div
      class="Vlt-tabs__panel"
    >
      
      
    </div>
    <div
      class="Vlt-tabs__panel"
    >
      
      
    </div>
    
  </div>
</div>
`;
