// Jest Snapshot v1, https://goo.gl/fbAQLP

exports[`vlt-sidemenu-trigger renders correctly with a rocket icon 1`] = `
<p
  class="Vlt-sidemenu__trigger"
>
  <vlt-icon-stub
    clickable="true"
    color=""
    icon="rocket"
    noclass="false"
    pointer="false"
    small="false"
    smaller="false"
  />
  <span
    class="Vlt-sidemenu__label"
  />
  <!--v-if-->
</p>
`;
