// Jest Snapshot v1, https://goo.gl/fbAQLP

exports[`vlt-input is textarea 1`] = `
<div
  class="Vlt-input"
>
  <input
    type="text"
  />
   
  <!---->
   
  <!---->
</div>
`;

exports[`vlt-input renders correctly 1`] = `
<div
  class="Vlt-input"
>
  <input
    type="text"
  />
   
  <!---->
   
  <!---->
</div>
`;
